map[string]interface{}{
	"body": `<details>
  <summary>
    name1 <small><i>type1</i></small>
    <br>
    <small><i>raw1.raw / taxonomy1</i></small>
  </summary>
  <span aria-busy="true"
	hx-get="d?index=&amp;doc=raw1.raw/id1"
	hx-swap="outerHTML"
	hx-trigger="toggle from:closest details">
  </span>
</details>
`, "headers": http.Header{
		"Content-Type": []string{
			"text/plain; charset=utf-8",
		},
		"Hx-Trigger": []string{`{"setValidSearchInput":true}`},
	},
	"status": 200,
}
